
C:\Users\Administrator\Desktop\es6>git init
Reinitialized existing Git repository in C:/Users/Administrator/Desktop/es6/.gi
/

C:\Users\Administrator\Desktop\es6>git -v
Unknown option: -v
usage: git [--version] [--help] [-C <path>] [-c name=value]
           [--exec-path[=<path>]] [--html-path] [--man-path] [--info-path]
           [-p | --paginate | --no-pager] [--no-replace-objects] [--bare]
           [--git-dir=<path>] [--work-tree=<path>] [--namespace=<name>]
           <command> [<args>]

C:\Users\Administrator\Desktop\es6>git init
Reinitialized existing Git repository in C:/Users/Administrator/Desktop/es6/.gi
/

C:\Users\Administrator\Desktop\es6>git  s
git: 's' is not a git command. See 'git --help'.

Did you mean one of these?
        show
        status
        svn

C:\Users\Administrator\Desktop\es6>git status
On branch master

Initial commit

Untracked files:
  (use "git add <file>..." to include in what will be committed)

        gulpfile.js
        index.html
        js/
        node_modules/
        package.json
        "\347\254\224\350\256\260.txt"

nothing added to commit but untracked files present (use "git add" to track)

C:\Users\Administrator\Desktop\es6>git status
On branch master

Initial commit

Untracked files:
  (use "git add <file>..." to include in what will be committed)

        .gitignore
        gulpfile.js
        index.html
        js/
        package.json
        "\347\254\224\350\256\260.txt"

nothing added to commit but untracked files present (use "git add" to track)

C:\Users\Administrator\Desktop\es6>git add .
warning: LF will be replaced by CRLF in js/animal.js.
The file will have its original line endings in your working directory.
warning: LF will be replaced by CRLF in js/dog.js.
The file will have its original line endings in your working directory.
warning: LF will be replaced by CRLF in js/js.js.
The file will have its original line endings in your working directory.
warning: LF will be replaced by CRLF in package.json.
The file will have its original line endings in your working directory.

C:\Users\Administrator\Desktop\es6>git commit -m 'Hello World'
error: pathspec 'World'' did not match any file(s) known to git.

C:\Users\Administrator\Desktop\es6>git status
On branch master

Initial commit

Changes to be committed:
  (use "git rm --cached <file>..." to unstage)

        new file:   .gitignore
        new file:   gulpfile.js
        new file:   index.html
        new file:   js/animal.js
        new file:   js/dog.js
        new file:   js/es6/animal.es6
        new file:   js/es6/dog.es6
        new file:   js/js.js
        new file:   package.json
        new file:   "\347\254\224\350\256\260.txt"


C:\Users\Administrator\Desktop\es6>git commit -m 'Hello World'
error: pathspec 'World'' did not match any file(s) known to git.

C:\Users\Administrator\Desktop\es6>git commit -m "Hello World"

*** Please tell me who you are.

Run

  git config --global user.email "you@example.com"
  git config --global user.name "Your Name"

to set your account's default identity.
Omit --global to set the identity only in this repository.

fatal: unable to auto-detect email address (got 'Administrator@CN-20170408DYPK.
none)')

C:\Users\Administrator\Desktop\es6>git config --global user.email "714600827@qq
com"

C:\Users\Administrator\Desktop\es6>git config --global user.name "fdfsgsg"

C:\Users\Administrator\Desktop\es6>git status
On branch master

Initial commit

Changes to be committed:
  (use "git rm --cached <file>..." to unstage)

        new file:   .gitignore
        new file:   gulpfile.js
        new file:   index.html
        new file:   js/animal.js
        new file:   js/dog.js
        new file:   js/es6/animal.es6
        new file:   js/es6/dog.es6
        new file:   js/js.js
        new file:   package.json
        new file:   "\347\254\224\350\256\260.txt"


C:\Users\Administrator\Desktop\es6>git commit -m "Hello World"
[master (root-commit) 8e48df5] Hello World
warning: LF will be replaced by CRLF in js/animal.js.
The file will have its original line endings in your working directory.
warning: LF will be replaced by CRLF in js/dog.js.
The file will have its original line endings in your working directory.
warning: LF will be replaced by CRLF in js/js.js.
The file will have its original line endings in your working directory.
warning: LF will be replaced by CRLF in package.json.
The file will have its original line endings in your working directory.
 10 files changed, 294 insertions(+)
 create mode 100644 .gitignore
 create mode 100644 gulpfile.js
 create mode 100644 index.html
 create mode 100644 js/animal.js
 create mode 100644 js/dog.js
 create mode 100644 js/es6/animal.es6
 create mode 100644 js/es6/dog.es6
 create mode 100644 js/js.js
 create mode 100644 package.json
 create mode 100644 "\347\254\224\350\256\260.txt"

C:\Users\Administrator\Desktop\es6>git status
On branch master
nothing to commit, working directory clean

C:\Users\Administrator\Desktop\es6>git remote add origin https://github.com/aab
ccddzz/test.git
fatal: remote origin already exists.

C:\Users\Administrator\Desktop\es6>git push -u origin master
Username for 'https://github.com': aabbccddzz
Password for 'https://aabbccddzz@github.com':
remote: Invalid username or password.
fatal: Authentication failed for 'https://github.com/aabbccddzz/test.git/'

C:\Users\Administrator\Desktop\es6>git push -u origin master
Username for 'https://github.com': aabbccddzz
Password for 'https://aabbccddzz@github.com':
Counting objects: 14, done.
Delta compression using up to 4 threads.
Compressing objects: 100% (13/13), done.
Writing objects: 100% (14/14), 4.25 KiB | 0 bytes/s, done.
Total 14 (delta 3), reused 0 (delta 0)
remote: Resolving deltas: 100% (3/3), done.
To https://github.com/aabbccddzz/test.git
 * [new branch]      master -> master
Branch master set up to track remote branch master from origin.

C:\Users\Administrator\Desktop\es6>
